             VMA              LMA     Size Align Out     In      Symbol
               0                0    80000     1 . = 0x80000
           80000                0        0     1 kernel_start = .
           80000            80000      53c    16 .text
           80000            80000       68     8         CMakeFiles/kernel_qemu.dir/src/boot.S.obj:(.text)
           80000            80000        0     1                 $x
           80000            80000        0     1                 _start
           80010            80010        0     1                 primary_core
           80020            80020        0     1                 clear_bss
           80030            80030        0     1                 bss_cleared
           80038            80038        0     1                 CORE_PARK
           8003c            8003c        0     1                 SECONDARY_WAIT
           80044            80044        0     1                 hang
           80050            80050        0     1                 $d
           80070            80070      168    16         CMakeFiles/kernel_qemu.dir/src/gpio.c.obj:(.text)
           80070            80070        0     1                 $x
           80070            80070       c8     1                 gpio_pin_set_func
           80140            80140       98     1                 gpio_pin_enable
           801e0            801e0       30    16         CMakeFiles/kernel_qemu.dir/src/kernel.c.obj:(.text)
           801e0            801e0        0     1                 $x
           801e0            801e0       30     1                 kernel_main
           80210            80210      154    16         CMakeFiles/kernel_qemu.dir/src/memory_access.c.obj:(.text)
           80210            80210        0     1                 $x
           80210            80210       18     1                 read8
           80230            80230       20     1                 write8
           80250            80250       18     1                 read16
           80270            80270       20     1                 write16
           80290            80290       18     1                 read32
           802b0            802b0       20     1                 write32
           802d0            802d0       18     1                 read64
           802f0            802f0       20     1                 write64
           80310            80310       2c     1                 write
           80340            80340       24     1                 read
           80370            80370      1c0    16         CMakeFiles/kernel_qemu.dir/src/mini_uart.c.obj:(.text)
           80370            80370        0     1                 $x
           80370            80370      148     1                 uart_init
           804c0            804c0       3c     1                 uart_putc
           80500            80500       30     1                 uart_getc
           80530            80530        c     4         CMakeFiles/kernel_qemu.dir/src/utils.S.obj:(.text)
           80530            80530        0     1                 $x
           80530            80530        0     1                 delay
           8053c            8053c        0     1 __bss_start = .
           8053c            8053c        0     1 __bss_end = .
           8053c            8053c        0     1 __bss_size = __bss_end - __bss_start
           8053c            8053c        4     1 . = ALIGN(16)
           80540            80540        0     1 stack_bottom = .
           80540            80540    10000     1 .stack
           80540            80540    10000     1         . = . + 0x10000
           90540            90540        0     1 stack_top = .
           90540            90540        0     1 . = ALIGN(16)
           90540            90540        0     1 heap_bottom = .
           90540            90540        0     1 _end = .
               0                0      28a     1 .debug_abbrev
               0                0       c0     1         CMakeFiles/kernel_qemu.dir/src/gpio.c.obj:(.debug_abbrev)
               0                0        0     1                 $d
              c0               c0       50     1         CMakeFiles/kernel_qemu.dir/src/kernel.c.obj:(.debug_abbrev)
              c0               c0        0     1                 $d
             110              110       79     1         CMakeFiles/kernel_qemu.dir/src/memory_access.c.obj:(.debug_abbrev)
             110              110        0     1                 $d
             189              189       bf     1         CMakeFiles/kernel_qemu.dir/src/mini_uart.c.obj:(.debug_abbrev)
             189              189        0     1                 $d
             248              248       21     1         CMakeFiles/kernel_qemu.dir/src/boot.S.obj:(.debug_abbrev)
             248              248        0     1                 $d
             269              269       21     1         CMakeFiles/kernel_qemu.dir/src/utils.S.obj:(.debug_abbrev)
             269              269        0     1                 $d
               0                0      752     1 .debug_info
               0                0      18a     1         CMakeFiles/kernel_qemu.dir/src/gpio.c.obj:(.debug_info)
               0                0        0     1                 $d
             18a              18a       46     1         CMakeFiles/kernel_qemu.dir/src/kernel.c.obj:(.debug_info)
             18a              18a        0     1                 $d
             1d0              1d0      1b5     1         CMakeFiles/kernel_qemu.dir/src/memory_access.c.obj:(.debug_info)
             1d0              1d0        0     1                 $d
             385              385      1d9     1         CMakeFiles/kernel_qemu.dir/src/mini_uart.c.obj:(.debug_info)
             385              385        0     1                 $d
             55e              55e      14d     1         CMakeFiles/kernel_qemu.dir/src/boot.S.obj:(.debug_info)
             55e              55e        0     1                 $d
             6ab              6ab       a7     1         CMakeFiles/kernel_qemu.dir/src/utils.S.obj:(.debug_info)
             6ab              6ab        0     1                 $d
               0                0      1fc     1 .debug_str_offsets
               0                0       b4     1         CMakeFiles/kernel_qemu.dir/src/gpio.c.obj:(.debug_str_offsets)
               0                0        0     1                 $d
              b4               b4       20     1         CMakeFiles/kernel_qemu.dir/src/kernel.c.obj:(.debug_str_offsets)
              b4               b4        0     1                 $d
              d4               d4       68     1         CMakeFiles/kernel_qemu.dir/src/memory_access.c.obj:(.debug_str_offsets)
              d4               d4        0     1                 $d
             13c              13c       c0     1         CMakeFiles/kernel_qemu.dir/src/mini_uart.c.obj:(.debug_str_offsets)
             13c              13c        0     1                 $d
               0                0      3bf     1 .debug_str
               0                0      3bf     1         <internal>:(.debug_str)
               0                0       a8     1 .debug_addr
               0                0       18     1         CMakeFiles/kernel_qemu.dir/src/gpio.c.obj:(.debug_addr)
               0                0        0     1                 $d
              18               18       18     1         CMakeFiles/kernel_qemu.dir/src/kernel.c.obj:(.debug_addr)
              18               18        0     1                 $d
              30               30       58     1         CMakeFiles/kernel_qemu.dir/src/memory_access.c.obj:(.debug_addr)
              30               30        0     1                 $d
              88               88       20     1         CMakeFiles/kernel_qemu.dir/src/mini_uart.c.obj:(.debug_addr)
              88               88        0     1                 $d
               0                0       3b     1 .comment
               0                0       3b     1         <internal>:(.comment)
               0                0      258     8 .debug_frame
               0                0       58     8         CMakeFiles/kernel_qemu.dir/src/gpio.c.obj:(.debug_frame)
               0                0        0     1                 $d
              58               58       38     8         CMakeFiles/kernel_qemu.dir/src/kernel.c.obj:(.debug_frame)
              58               58        0     1                 $d
              90               90      158     8         CMakeFiles/kernel_qemu.dir/src/memory_access.c.obj:(.debug_frame)
              90               90        0     1                 $d
             1e8              1e8       70     8         CMakeFiles/kernel_qemu.dir/src/mini_uart.c.obj:(.debug_frame)
             1e8              1e8        0     1                 $d
               0                0      4c4     1 .debug_line
               0                0      136     1         CMakeFiles/kernel_qemu.dir/src/gpio.c.obj:(.debug_line)
               0                0        0     1                 $d
             136              136       81     1         CMakeFiles/kernel_qemu.dir/src/kernel.c.obj:(.debug_line)
             136              136        0     1                 $d
             1b7              1b7      12c     1         CMakeFiles/kernel_qemu.dir/src/memory_access.c.obj:(.debug_line)
             1b7              1b7        0     1                 $d
             2e3              2e3      143     1         CMakeFiles/kernel_qemu.dir/src/mini_uart.c.obj:(.debug_line)
             2e3              2e3        0     1                 $d
             426              426       58     1         CMakeFiles/kernel_qemu.dir/src/boot.S.obj:(.debug_line)
             426              426        0     1                 $d
             47e              47e       46     1         CMakeFiles/kernel_qemu.dir/src/utils.S.obj:(.debug_line)
             47e              47e        0     1                 $d
               0                0      1dc     1 .debug_line_str
               0                0      1dc     1         <internal>:(.debug_line_str)
               0                0       60     1 .debug_aranges
               0                0       30     1         CMakeFiles/kernel_qemu.dir/src/boot.S.obj:(.debug_aranges)
               0                0        0     1                 $d
              30               30       30     1         CMakeFiles/kernel_qemu.dir/src/utils.S.obj:(.debug_aranges)
              30               30        0     1                 $d
               0                0      8d0     8 .symtab
               0                0      8d0     8         <internal>:(.symtab)
               0                0       ad     1 .shstrtab
               0                0       ad     1         <internal>:(.shstrtab)
               0                0      241     1 .strtab
               0                0      241     1         <internal>:(.strtab)
