
Merging program properties


Discarded input sections

 .llvm_addrsig  0x0000000000000000        0x1 CMakeFiles/kernel8.elf.dir/src/gpio.c.obj
 .llvm_addrsig  0x0000000000000000        0x2 CMakeFiles/kernel8.elf.dir/src/kernel.c.obj
 .llvm_addrsig  0x0000000000000000        0x2 CMakeFiles/kernel8.elf.dir/src/memory_access.c.obj
 .llvm_addrsig  0x0000000000000000        0x4 CMakeFiles/kernel8.elf.dir/src/mini_uart.c.obj
 .note.gnu.property
                0x0000000000000000        0x0 CMakeFiles/kernel8.elf.dir/src/utils.S.obj

Memory Configuration

Name             Origin             Length             Attributes
*default*        0x0000000000000000 0xffffffffffffffff

Linker script and memory map

                0x0000000000080000                . = 0x80000
                0x0000000000080000                kernel_start = .

.boot           0x0000000000080000    0x800c8
 *boot*.o(.text)
 *boot*.obj(.text)
 .text          0x0000000000080000    0x800c8 CMakeFiles/kernel8.elf.dir/src/boot.S.obj
                0x0000000000100000                _start

.text           0x00000000001000d0      0x5bc
 *(EXCLUDE_FILE(shared/*.o) .text .text.[!p]*)
 .text          0x00000000001000d0      0x168 CMakeFiles/kernel8.elf.dir/src/gpio.c.obj
                0x00000000001000d0                gpio_pin_set_func
                0x00000000001001a0                gpio_pin_enable
 *fill*         0x0000000000100238        0x8 
 .text          0x0000000000100240       0x38 CMakeFiles/kernel8.elf.dir/src/kernel.c.obj
                0x0000000000100240                kernel_main
 *fill*         0x0000000000100278        0x8 
 .text          0x0000000000100280      0x154 CMakeFiles/kernel8.elf.dir/src/memory_access.c.obj
                0x0000000000100280                read8
                0x00000000001002a0                write8
                0x00000000001002c0                read16
                0x00000000001002e0                write16
                0x0000000000100300                read32
                0x0000000000100320                write32
                0x0000000000100340                read64
                0x0000000000100360                write64
                0x0000000000100380                write
                0x00000000001003b0                read
 *fill*         0x00000000001003d4        0xc 
 .text          0x00000000001003e0      0x280 CMakeFiles/kernel8.elf.dir/src/mini_uart.c.obj
                0x00000000001003e0                get_uart_base
                0x00000000001003f0                enable_uart
                0x0000000000100470                uart_raw_putc
                0x00000000001004c0                uart_putc
                0x00000000001004f0                uart_puts
                0x0000000000100520                uart_raw_puts
                0x0000000000100570                uart_puthex
 .text          0x0000000000100660       0x10 CMakeFiles/kernel8.elf.dir/src/mm.S.obj
                0x0000000000100660                memzero
 .text          0x0000000000100670       0x1c CMakeFiles/kernel8.elf.dir/src/utils.S.obj
                0x0000000000100670                delay
                0x000000000010067c                put32
                0x0000000000100684                get32

.rodata.str1.1  0x000000000010068c       0x37
 .rodata.str1.1
                0x000000000010068c       0x37 CMakeFiles/kernel8.elf.dir/src/kernel.c.obj

.iplt           0x00000000001006c4        0x0
 .iplt          0x00000000001006c4        0x0 CMakeFiles/kernel8.elf.dir/src/gpio.c.obj

.rela.dyn       0x00000000001006c8        0x0
 .rela.iplt     0x00000000001006c8        0x0 CMakeFiles/kernel8.elf.dir/src/gpio.c.obj
 .rela.text     0x00000000001006c8        0x0 CMakeFiles/kernel8.elf.dir/src/gpio.c.obj

.data
 *(.data)
                0x00000000001006c3                __bss_start = .

.igot.plt       0x00000000001006c8        0x0
 .igot.plt      0x00000000001006c8        0x0 CMakeFiles/kernel8.elf.dir/src/gpio.c.obj

.bss            0x00000000001006c3        0x0
                0x00000000001006c3                bss = .
 *(.bss)
                0x0000000000101000                . = ALIGN (0x1000)
                0x0000000000101000                __bss_end = .
                0x000000000000093d                __bss_size = (__bss_end - __bss_start)

.vectors
 *(.vectors)
                0x0000000000101000                . = ALIGN (0x10)
                0x0000000000101000                stack_bottom = .

.stack_fill     0x0000000000101000    0x10000
 FILL mask 0x00000000
                0x0000000000111000                . = (. + 0x10000)
 *fill*         0x0000000000101000    0x10000 00000000
                0x0000000000111000                stack_top = .
                0x0000000000111000                . = ALIGN (0x1000)
                0x0000000000111000                heap_bottom = .

.heap_fill      0x0000000000111000  0x2000000
 FILL mask 0x00000000
                0x0000000002111000                . = (. + 0x2000000)
 *fill*         0x0000000000111000  0x2000000 00000000
                0x0000000002111000                heap_limit = .

.kcoreprocesses
                0x0000000002111000        0x0
                0x0000000002111000                kcoreprocesses_rodata_start = .
 *(.rodata.kcoreprocesses)
 *(.data.kcoreprocesses)
                0x0000000002111000                kcoreprocesses_rodata_end = .
                0x0000000002111000                kcoreprocesses_start = .
 *(.text.kcoreprocesses)
                0x0000000002111000                kcoreprocesses_end = .
                0x0000000002200000                . = ALIGN (0x200000)
                0x0000000002200000                kcode_end = .
                0x0000000002400000                . = (. + 0x200000)

.shared         0x0000000002400000        0x1
                0x0000000002400000                shared_start = .
 *(.shared)
 *(.text.shared)
 *shared/*.o(.text*)
                0x0000000002400000                . = ALIGN (0x8)
                0x0000000002400000        0x1 BYTE 0x0
                0x0000000002400001                shared_end = .
                0x0000000002600000                . = ALIGN (0x200000)
                0x0000000002600000                kfull_end = .
LOAD CMakeFiles/kernel8.elf.dir/src/gpio.c.obj
LOAD CMakeFiles/kernel8.elf.dir/src/kernel.c.obj
LOAD CMakeFiles/kernel8.elf.dir/src/memory_access.c.obj
LOAD CMakeFiles/kernel8.elf.dir/src/mini_uart.c.obj
LOAD CMakeFiles/kernel8.elf.dir/src/boot.S.obj
LOAD CMakeFiles/kernel8.elf.dir/src/mm.S.obj
LOAD CMakeFiles/kernel8.elf.dir/src/utils.S.obj
OUTPUT(kernel8.elf elf64-littleaarch64)
LOAD linker stubs

.debug_abbrev   0x0000000000000000      0x29c
 .debug_abbrev  0x0000000000000000       0xc0 CMakeFiles/kernel8.elf.dir/src/gpio.c.obj
 .debug_abbrev  0x00000000000000c0       0x5e CMakeFiles/kernel8.elf.dir/src/kernel.c.obj
 .debug_abbrev  0x000000000000011e       0x79 CMakeFiles/kernel8.elf.dir/src/memory_access.c.obj
 .debug_abbrev  0x0000000000000197       0xa2 CMakeFiles/kernel8.elf.dir/src/mini_uart.c.obj
 .debug_abbrev  0x0000000000000239       0x21 CMakeFiles/kernel8.elf.dir/src/boot.S.obj
 .debug_abbrev  0x000000000000025a       0x21 CMakeFiles/kernel8.elf.dir/src/mm.S.obj
 .debug_abbrev  0x000000000000027b       0x21 CMakeFiles/kernel8.elf.dir/src/utils.S.obj

.debug_info     0x0000000000000000      0x7b3
 .debug_info    0x0000000000000000      0x18a CMakeFiles/kernel8.elf.dir/src/gpio.c.obj
 .debug_info    0x000000000000018a       0x79 CMakeFiles/kernel8.elf.dir/src/kernel.c.obj
 .debug_info    0x0000000000000203      0x1b5 CMakeFiles/kernel8.elf.dir/src/memory_access.c.obj
 .debug_info    0x00000000000003b8      0x121 CMakeFiles/kernel8.elf.dir/src/mini_uart.c.obj
 .debug_info    0x00000000000004d9      0x15f CMakeFiles/kernel8.elf.dir/src/boot.S.obj
 .debug_info    0x0000000000000638       0xa6 CMakeFiles/kernel8.elf.dir/src/mm.S.obj
 .debug_info    0x00000000000006de       0xd5 CMakeFiles/kernel8.elf.dir/src/utils.S.obj

.debug_str_offsets
                0x0000000000000000      0x1a8
 .debug_str_offsets
                0x0000000000000000       0xb4 CMakeFiles/kernel8.elf.dir/src/gpio.c.obj
 .debug_str_offsets
                0x00000000000000b4       0x20 CMakeFiles/kernel8.elf.dir/src/kernel.c.obj
 .debug_str_offsets
                0x00000000000000d4       0x68 CMakeFiles/kernel8.elf.dir/src/memory_access.c.obj
 .debug_str_offsets
                0x000000000000013c       0x6c CMakeFiles/kernel8.elf.dir/src/mini_uart.c.obj

.debug_str      0x0000000000000000      0x3af
 .debug_str     0x0000000000000000      0x3af CMakeFiles/kernel8.elf.dir/src/gpio.c.obj
                                        0x227 (size before relaxing)
 .debug_str     0x00000000000003af       0x92 CMakeFiles/kernel8.elf.dir/src/kernel.c.obj
 .debug_str     0x00000000000003af      0x129 CMakeFiles/kernel8.elf.dir/src/memory_access.c.obj
 .debug_str     0x00000000000003af      0x133 CMakeFiles/kernel8.elf.dir/src/mini_uart.c.obj

.debug_addr     0x0000000000000000       0xe8
 .debug_addr    0x0000000000000000       0x18 CMakeFiles/kernel8.elf.dir/src/gpio.c.obj
 .debug_addr    0x0000000000000018       0x28 CMakeFiles/kernel8.elf.dir/src/kernel.c.obj
 .debug_addr    0x0000000000000040       0x58 CMakeFiles/kernel8.elf.dir/src/memory_access.c.obj
 .debug_addr    0x0000000000000098       0x50 CMakeFiles/kernel8.elf.dir/src/mini_uart.c.obj

.comment        0x0000000000000000       0x1e
 .comment       0x0000000000000000       0x1e CMakeFiles/kernel8.elf.dir/src/gpio.c.obj
                                         0x1f (size before relaxing)
 .comment       0x000000000000001e       0x1f CMakeFiles/kernel8.elf.dir/src/kernel.c.obj
 .comment       0x000000000000001e       0x1f CMakeFiles/kernel8.elf.dir/src/memory_access.c.obj
 .comment       0x000000000000001e       0x1f CMakeFiles/kernel8.elf.dir/src/mini_uart.c.obj

.note.GNU-stack
                0x0000000000000000        0x0
 .note.GNU-stack
                0x0000000000000000        0x0 CMakeFiles/kernel8.elf.dir/src/gpio.c.obj
 .note.GNU-stack
                0x0000000000000000        0x0 CMakeFiles/kernel8.elf.dir/src/kernel.c.obj
 .note.GNU-stack
                0x0000000000000000        0x0 CMakeFiles/kernel8.elf.dir/src/memory_access.c.obj
 .note.GNU-stack
                0x0000000000000000        0x0 CMakeFiles/kernel8.elf.dir/src/mini_uart.c.obj

.debug_frame    0x0000000000000000      0x2d8
 .debug_frame   0x0000000000000000       0x58 CMakeFiles/kernel8.elf.dir/src/gpio.c.obj
 .debug_frame   0x0000000000000058       0x38 CMakeFiles/kernel8.elf.dir/src/kernel.c.obj
 .debug_frame   0x0000000000000090      0x158 CMakeFiles/kernel8.elf.dir/src/memory_access.c.obj
 .debug_frame   0x00000000000001e8       0xf0 CMakeFiles/kernel8.elf.dir/src/mini_uart.c.obj

.debug_line     0x0000000000000000      0x552
 .debug_line    0x0000000000000000      0x136 CMakeFiles/kernel8.elf.dir/src/gpio.c.obj
 .debug_line    0x0000000000000136       0x78 CMakeFiles/kernel8.elf.dir/src/kernel.c.obj
 .debug_line    0x00000000000001ae      0x12c CMakeFiles/kernel8.elf.dir/src/memory_access.c.obj
 .debug_line    0x00000000000002da      0x17a CMakeFiles/kernel8.elf.dir/src/mini_uart.c.obj
 .debug_line    0x0000000000000454       0x6d CMakeFiles/kernel8.elf.dir/src/boot.S.obj
 .debug_line    0x00000000000004c1       0x47 CMakeFiles/kernel8.elf.dir/src/mm.S.obj
 .debug_line    0x0000000000000508       0x4a CMakeFiles/kernel8.elf.dir/src/utils.S.obj

.debug_line_str
                0x0000000000000000      0x1ab
 .debug_line_str
                0x0000000000000000      0x1ab CMakeFiles/kernel8.elf.dir/src/gpio.c.obj
                                         0xb1 (size before relaxing)
 .debug_line_str
                0x00000000000001ab       0x7a CMakeFiles/kernel8.elf.dir/src/kernel.c.obj
 .debug_line_str
                0x00000000000001ab       0x99 CMakeFiles/kernel8.elf.dir/src/memory_access.c.obj
 .debug_line_str
                0x00000000000001ab       0x91 CMakeFiles/kernel8.elf.dir/src/mini_uart.c.obj
 .debug_line_str
                0x00000000000001ab       0x4d CMakeFiles/kernel8.elf.dir/src/boot.S.obj
 .debug_line_str
                0x00000000000001ab       0x4b CMakeFiles/kernel8.elf.dir/src/mm.S.obj
 .debug_line_str
                0x00000000000001ab       0x4e CMakeFiles/kernel8.elf.dir/src/utils.S.obj

.debug_aranges  0x0000000000000000       0x90
 .debug_aranges
                0x0000000000000000       0x30 CMakeFiles/kernel8.elf.dir/src/boot.S.obj
 .debug_aranges
                0x0000000000000030       0x30 CMakeFiles/kernel8.elf.dir/src/mm.S.obj
 .debug_aranges
                0x0000000000000060       0x30 CMakeFiles/kernel8.elf.dir/src/utils.S.obj
